Microchip MPLAB XC8 Compiler V2.10 ()

Linker command line:

-W-3 --edf=C:\Program Files (x86)\Microchip\xc8\v2.10\pic\dat\en_msgs.txt \
  -cs -h+dist/default/production\ExemploProjeto.X.production.sym \
  --cmf=dist/default/production\ExemploProjeto.X.production.cmf -z \
  -Q18F4550 -oC:\Users\loowiz\AppData\Local\Temp\s5go.2 \
  --defsym=__MPLAB_BUILD=1 \
  -Mdist/default/production/ExemploProjeto.X.production.map -E1 -ver=XC8 \
  --acfsm=1493 -ASTACK=070h-07FFh -pstack=STACK -ACODE=00h-07FFFh \
  -ACONST=00h-07FFFh -ASMALLCONST=0800h-08FFhx120 \
  -AMEDIUMCONST=0800h-07FFFh -ACOMRAM=01h-05Fh -AABS1=00h-07FFh \
  -ABIGRAM=01h-07FFh -ARAM=060h-0FFh,0100h-01FFhx7 -ABANK0=060h-0FFh \
  -ABANK1=0100h-01FFh -ABANK2=0200h-02FFh -ABANK3=0300h-03FFh \
  -ABANK4=0400h-04FFh -ABANK5=0500h-05FFh -ABANK6=0600h-06FFh \
  -ABANK7=0700h-07FFh -ASFR=0F60h-0FFFh \
  -preset_vec=00h,intcode=08h,intcodelo,powerup,init -pramtop=0800h \
  -psmallconst=SMALLCONST -pmediumconst=MEDIUMCONST -pconst=CONST \
  -AFARRAM=00h-00h -ACONFIG=0300000h-030000Dh -pconfig=CONFIG \
  -AIDLOC=0200000h-0200007h -pidloc=IDLOC -AEEDATA=0F00000h-0F000FFh \
  -peeprom_data=EEDATA \
  -prdata=COMRAM,nvrram=COMRAM,nvbit=COMRAM,rbss=COMRAM,rbit=COMRAM \
  -pfarbss=FARRAM,fardata=FARRAM,nvFARRAM=FARRAM \
  -pintsave_regs=BIGRAM,bigbss=BIGRAM,bigdata=BIGRAM -pbss=RAM \
  -pidata=CODE,irdata=CODE,ibigdata=CODE,ifardata=CODE -prparam=COMRAM \
  C:\Users\loowiz\AppData\Local\Temp\s5go.o \
  dist/default/production\ExemploProjeto.X.production.o 

Object code version is 3.11

Machine type is 18F4550

Call graph: (short form)




                Name                               Link     Load   Length Selector   Space Scale
C:\Users\loowiz\AppData\Local\Temp\s5go.o
                init                                  E        E        4        4       0
                reset_vec                             0        0        4        0       0
                idloc                            200000   200000        8   200000       0
                config                           300000   300000        E   300000       0
dist/default/production\ExemploProjeto.X.production.o
                intcode                               8        8        6        4       0
                temp                                 5F       5F        1        1       1
                smallconst                          800      800       7E      400       0
                intcode_body                       18EC     18EC       88      43F       0
                text16                             1B20     1B20       3C      43F       0
                text15                             185A     185A       92      43F       0
                text14                             1A44     1A44       54      43F       0
                text13                             1BD8     1BD8       12      43F       0
                text12                             1BBE     1BBE       1A      43F       0
                text11                             1AE4     1AE4       3C      43F       0
                text10                             1B92     1B92       2C      43F       0
                text9                              1974     1974       72      43F       0
                text8                              19E6     19E6       5E      43F       0
                text7                              1B5C     1B5C       36      43F       0
                text6                              16E6     16E6       C4      43F       0
                text5                              17AA     17AA       B0      43F       0
                text4                              1092     1092      39A      43F       0
                text3                               87E      87E      42A      43F       0
                text2                              15E0     15E0      106      43F       0
                text1                              142C     142C      1B4      43F       0
                text0                               CA8      CA8      3EA      43F       0
                cstackCOMRAM                          1        1       5D        1       1
                dataBANK0                            68       68        8       60       1
                bssBANK0                             60       60        8       60       1
                dataCOMRAM                           5E       5E        1        1       1
                cinit                              1A98     1A98       4C      43F       0
                idataBANK0                         1BEA     1BEA        8      43F       0
                idataCOMRAM                        1BF2     1BF2        1      43F       0

TOTAL           Name                               Link     Load   Length     Space
        CLASS   STACK          

        CLASS   CODE           
                intcode                               8        8        6         0
                init                                  E        E        4         0
                reset_vec                             0        0        4         0
                intcode_body                       18EC     18EC       88         0
                text16                             1B20     1B20       3C         0
                text15                             185A     185A       92         0
                text14                             1A44     1A44       54         0
                text13                             1BD8     1BD8       12         0
                text12                             1BBE     1BBE       1A         0
                text11                             1AE4     1AE4       3C         0
                text10                             1B92     1B92       2C         0
                text9                              1974     1974       72         0
                text8                              19E6     19E6       5E         0
                text7                              1B5C     1B5C       36         0
                text6                              16E6     16E6       C4         0
                text5                              17AA     17AA       B0         0
                text4                              1092     1092      39A         0
                text3                               87E      87E      42A         0
                text2                              15E0     15E0      106         0
                text1                              142C     142C      1B4         0
                text0                               CA8      CA8      3EA         0
                cinit                              1A98     1A98       4C         0
                idataBANK0                         1BEA     1BEA        8         0
                idataCOMRAM                        1BF2     1BF2        1         0

        CLASS   CONST          

        CLASS   SMALLCONST     
                smallconst                          800      800       7E         0

        CLASS   MEDIUMCONST    

        CLASS   COMRAM         
                temp                                 5F       5F        1         1
                cstackCOMRAM                          1        1       5D         1
                dataCOMRAM                           5E       5E        1         1

        CLASS   ABS1           

        CLASS   BIGRAM         

        CLASS   RAM            

        CLASS   BANK0          
                dataBANK0                            68       68        8         1
                bssBANK0                             60       60        8         1

        CLASS   BANK1          

        CLASS   BANK2          

        CLASS   BANK3          

        CLASS   BANK4          

        CLASS   BANK5          

        CLASS   BANK6          

        CLASS   BANK7          

        CLASS   SFR            

        CLASS   FARRAM         

        CLASS   CONFIG         
                config                           300000   300000        E         0

        CLASS   IDLOC          
                idloc                            200000   200000        8         0

        CLASS   EEDATA         



SEGMENTS        Name                           Load    Length   Top    Selector   Space  Class

                reset_vec                      000000  000004  000004         0       0  CODE    
                cstackCOMRAM                   000001  00005F  000060         1       1  COMRAM  
                intcode                        000008  00000A  000012         4       0  CODE    
                bssBANK0                       000060  000010  000070        60       1  BANK0   
                smallconst                     000800  00007E  00087E       400       0  SMALLCON
                text3                          00087E  001375  001BF3       43F       0  CODE    
                idloc                          200000  000008  200008    200000       0  IDLOC   
                config                         300000  00000E  30000E    300000       0  CONFIG  


UNUSED ADDRESS RANGES

        Name                Unused          Largest block    Delta
        BANK0            000070-0000FF               90
        BANK1            000100-0001FF              100
        BANK2            000200-0002FF              100
        BANK3            000300-0003FF              100
        BANK4            000400-0004FF              100
        BANK5            000500-0005FF              100
        BANK6            000600-0006FF              100
        BANK7            000700-0007FF              100
        BIGRAM           000070-0007FF              790
        CODE             000004-000007                4
                         000012-0007FF              7EE
                         001BF3-007FFF             640D
        CONST            000004-000007                4
                         000012-0007FF              7EE
                         001BF3-007FFF             640D
        EEDATA           F00000-F000FF              100
        MEDIUMCONST      001BF3-007FFF             640D
        RAM              000070-0007FF              100
        SFR              000F60-000FFF               A0
        SMALLCONST       001BF3-007FFF              100
        STACK            000070-0007FF              790

                                  Symbol Table

?_LerADC                      cstackCOMRAM 000001
?___awdiv                     cstackCOMRAM 000001
?___awmod                     cstackCOMRAM 000009
?___fldiv                     cstackCOMRAM 00002E
?___flmul                     cstackCOMRAM 000015
?___fltol                     cstackCOMRAM 000047
?___xxtofl                    cstackCOMRAM 000007
ComandoLCD@dado               cstackCOMRAM 000003
ComandoLCD@i                  cstackCOMRAM 000002
DutyCycle_PWM@Valor           cstackCOMRAM 000001
EscreveLCD@dado               cstackCOMRAM 000002
EscreveLCD@i                  cstackCOMRAM 000003
IniciaLCD@F3175               dataBANK0    000068
IniciaLCD@i                   cstackCOMRAM 00000B
IniciaLCD@inicio              cstackCOMRAM 000005
Inicializa_PWM@Valor          cstackCOMRAM 000001
Inicializa_Timer0@Interrupcao cstackCOMRAM 000001
Inicializa_Timer0@Preset_t0   cstackCOMRAM 000003
LerADC@temp                   cstackCOMRAM 000005
PosicionaLCD@coluna           cstackCOMRAM 000004
PosicionaLCD@linha            cstackCOMRAM 000007
PosicionaLCD@posicao          cstackCOMRAM 000008
StringLCD@string              cstackCOMRAM 000004
_ADCON0                       (abs)        000FC2
_ADCON0bits                   (abs)        000FC2
_ADCON1                       (abs)        000FC1
_ADCON2                       (abs)        000FC0
_ADRESH                       (abs)        000FC4
_ADRESL                       (abs)        000FC3
_CCP1CONbits                  (abs)        000FBD
_CCP2CON                      (abs)        000FBA
_CCP2CONbits                  (abs)        000FBA
_CCPR2L                       (abs)        000FBB
_ComandoLCD                   text15       00185A
_Cronometro                   bssBANK0     000066
_DutyCycle_PWM                text16       001B20
_EscreveLCD                   text8        0019E6
_Estado                       dataCOMRAM   00005E
_Horas                        bssBANK0     000060
_INTCON                       (abs)        000FF2
_INTCON2bits                  (abs)        000FF1
_INTCONbits                   (abs)        000FF2
_IniciaLCD                    text14       001A44
_Inicializa_ADC               text13       001BD8
_Inicializa_PWM               text12       001BBE
_Inicializa_Timer0            text11       001AE4
_LerADC                       text10       001B92
_Minutos                      bssBANK0     000062
_PORTB                        (abs)        000F81
_PORTBbits                    (abs)        000F81
_PORTCbits                    (abs)        000F82
_PORTDbits                    (abs)        000F83
_PR2                          (abs)        000FCB
_PosicionaLCD                 text9        001974
_Preset                       dataBANK0    00006E
_RCONbits                     (abs)        000FD0
_Segundos                     bssBANK0     000064
_StringLCD                    text7        001B5C
_T0CON                        (abs)        000FD5
_T2CON                        (abs)        000FCA
_TMR0H                        (abs)        000FD7
_TMR0L                        (abs)        000FD6
_TMR2ON                       (abs)        007E52
_TRISAbits                    (abs)        000F92
_TRISB                        (abs)        000F93
_TRISCbits                    (abs)        000F94
_TRISDbits                    (abs)        000F95
_UCFGbits                     (abs)        000F6F
_UCON                         (abs)        000F6D
__CFG_BOR$OFF                 (abs)        000000
__CFG_BORV$0                  (abs)        000000
__CFG_CCP2MX$ON               (abs)        000000
__CFG_CP0$OFF                 (abs)        000000
__CFG_CP1$OFF                 (abs)        000000
__CFG_CP2$OFF                 (abs)        000000
__CFG_CP3$OFF                 (abs)        000000
__CFG_CPB$OFF                 (abs)        000000
__CFG_CPD$OFF                 (abs)        000000
__CFG_CPUDIV$OSC1_PLL2        (abs)        000000
__CFG_EBTR0$OFF               (abs)        000000
__CFG_EBTR1$OFF               (abs)        000000
__CFG_EBTR2$OFF               (abs)        000000
__CFG_EBTR3$OFF               (abs)        000000
__CFG_EBTRB$OFF               (abs)        000000
__CFG_FOSC$HS                 (abs)        000000
__CFG_ICPRT$OFF               (abs)        000000
__CFG_IESO$OFF                (abs)        000000
__CFG_LPT1OSC$OFF             (abs)        000000
__CFG_LVP$OFF                 (abs)        000000
__CFG_MCLRE$ON                (abs)        000000
__CFG_PBADEN$OFF              (abs)        000000
__CFG_PLLDIV$1                (abs)        000000
__CFG_PWRT$ON                 (abs)        000000
__CFG_USBDIV$1                (abs)        000000
__CFG_VREGEN$OFF              (abs)        000000
__CFG_WDT$OFF                 (abs)        000000
__CFG_WDTPS$1                 (abs)        000000
__CFG_WRT0$OFF                (abs)        000000
__CFG_WRT1$OFF                (abs)        000000
__CFG_WRT2$OFF                (abs)        000000
__CFG_WRT3$OFF                (abs)        000000
__CFG_WRTB$OFF                (abs)        000000
__CFG_WRTC$OFF                (abs)        000000
__CFG_WRTD$OFF                (abs)        000000
__CFG_XINST$OFF               (abs)        000000
__HRAM                        (abs)        000000
__Habs1                       abs1         000000
__Hbank0                      bank0        000000
__Hbank1                      bank1        000000
__Hbank2                      bank2        000000
__Hbank3                      bank3        000000
__Hbank4                      bank4        000000
__Hbank5                      bank5        000000
__Hbank6                      bank6        000000
__Hbank7                      bank7        000000
__Hbigbss                     bigbss       000000
__Hbigdata                    bigdata      000000
__Hbigram                     bigram       000000
__Hbss                        bss          000000
__HbssBANK0                   bssBANK0     000000
__Hcinit                      cinit        000000
__Hclrtext                    clrtext      000000
__Hcomram                     comram       000000
__Hconfig                     config       30000E
__Hconst                      const        000000
__HcstackCOMRAM               cstackCOMRAM 000000
__Hdata                       data         000000
__HdataBANK0                  dataBANK0    000000
__HdataCOMRAM                 dataCOMRAM   000000
__Heeprom_data                eeprom_data  000000
__Hfarbss                     farbss       000000
__Hfardata                    fardata      000000
__Hibigdata                   ibigdata     000000
__Hidata                      idata        000000
__HidataBANK0                 idataBANK0   000000
__HidataCOMRAM                idataCOMRAM  000000
__Hidloc                      idloc        200008
__Hifardata                   ifardata     000000
__Hinit                       init         000012
__Hintcode                    intcode      00000E
__Hintcode_body               intcode_body 000000
__Hintcodelo                  intcodelo    00000E
__Hintentry                   intentry     000000
__Hintret                     intret       000000
__Hintsave_regs               intsave_regs 000000
__Hirdata                     irdata       000000
__Hmediumconst                mediumconst  000000
__HnvFARRAM                   nvFARRAM     000000
__Hnvbit                      nvbit        000000
__Hnvrram                     nvrram       000000
__Hparam                      rparam       000000
__Hpowerup                    powerup      00000E
__Hram                        ram          000000
__Hramtop                     ramtop       000800
__Hrbit                       rbit         000000
__Hrbss                       rbss         000000
__Hrdata                      rdata        000000
__Hreset_vec                  reset_vec    000004
__Hrparam                     rparam       000000
__Hsfr                        sfr          000000
__Hsmallconst                 smallconst   00087E
__Hspace_0                    (abs)        30000E
__Hspace_1                    (abs)        000070
__Hspace_2                    (abs)        000000
__Hstack                      stack        000000
__Hstruct                     struct       000000
__Htemp                       temp         000060
__Htext                       text         000000
__Htext0                      text0        000000
__Htext1                      text1        000000
__Htext10                     text10       000000
__Htext11                     text11       000000
__Htext12                     text12       000000
__Htext13                     text13       000000
__Htext14                     text14       000000
__Htext15                     text15       000000
__Htext16                     text16       000000
__Htext2                      text2        000000
__Htext3                      text3        000000
__Htext4                      text4        000000
__Htext5                      text5        000000
__Htext6                      text6        000000
__Htext7                      text7        000000
__Htext8                      text8        000000
__Htext9                      text9        000000
__LRAM                        (abs)        000001
__Labs1                       abs1         000000
__Lbank0                      bank0        000000
__Lbank1                      bank1        000000
__Lbank2                      bank2        000000
__Lbank3                      bank3        000000
__Lbank4                      bank4        000000
__Lbank5                      bank5        000000
__Lbank6                      bank6        000000
__Lbank7                      bank7        000000
__Lbigbss                     bigbss       000000
__Lbigdata                    bigdata      000000
__Lbigram                     bigram       000000
__Lbss                        bss          000000
__LbssBANK0                   bssBANK0     000000
__Lcinit                      cinit        000000
__Lclrtext                    clrtext      000000
__Lcomram                     comram       000000
__Lconfig                     config       300000
__Lconst                      const        000000
__LcstackCOMRAM               cstackCOMRAM 000000
__Ldata                       data         000000
__LdataBANK0                  dataBANK0    000000
__LdataCOMRAM                 dataCOMRAM   000000
__Leeprom_data                eeprom_data  000000
__Lfarbss                     farbss       000000
__Lfardata                    fardata      000000
__Libigdata                   ibigdata     000000
__Lidata                      idata        000000
__LidataBANK0                 idataBANK0   000000
__LidataCOMRAM                idataCOMRAM  000000
__Lidloc                      idloc        200000
__Lifardata                   ifardata     000000
__Linit                       init         00000E
__Lintcode                    intcode      000008
__Lintcode_body               intcode_body 000000
__Lintcodelo                  intcodelo    00000E
__Lintentry                   intentry     000000
__Lintret                     intret       000000
__Lintsave_regs               intsave_regs 000000
__Lirdata                     irdata       000000
__Lmediumconst                mediumconst  000000
__LnvFARRAM                   nvFARRAM     000000
__Lnvbit                      nvbit        000000
__Lnvrram                     nvrram       000000
__Lparam                      rparam       000000
__Lpowerup                    powerup      00000E
__Lram                        ram          000000
__Lramtop                     ramtop       000800
__Lrbit                       rbit         000000
__Lrbss                       rbss         000000
__Lrdata                      rdata        000000
__Lreset_vec                  reset_vec    000000
__Lrparam                     rparam       000000
__Lsfr                        sfr          000000
__Lsmallconst                 smallconst   000800
__Lspace_0                    (abs)        000000
__Lspace_1                    (abs)        000000
__Lspace_2                    (abs)        000000
__Lstack                      stack        000000
__Lstruct                     struct       000000
__Ltemp                       temp         00005F
__Ltext                       text         000000
__Ltext0                      text0        000000
__Ltext1                      text1        000000
__Ltext10                     text10       000000
__Ltext11                     text11       000000
__Ltext12                     text12       000000
__Ltext13                     text13       000000
__Ltext14                     text14       000000
__Ltext15                     text15       000000
__Ltext16                     text16       000000
__Ltext2                      text2        000000
__Ltext3                      text3        000000
__Ltext4                      text4        000000
__Ltext5                      text5        000000
__Ltext6                      text6        000000
__Ltext7                      text7        000000
__Ltext8                      text8        000000
__Ltext9                      text9        000000
__S0                          (abs)        30000E
__S1                          (abs)        000070
__S2                          (abs)        000000
___awdiv                      text6        0016E6
___awdiv@counter              cstackCOMRAM 000005
___awdiv@dividend             cstackCOMRAM 000001
___awdiv@divisor              cstackCOMRAM 000003
___awdiv@quotient             cstackCOMRAM 000007
___awdiv@sign                 cstackCOMRAM 000006
___awmod                      text5        0017AA
___awmod@counter              cstackCOMRAM 00000D
___awmod@dividend             cstackCOMRAM 000009
___awmod@divisor              cstackCOMRAM 00000B
___awmod@sign                 cstackCOMRAM 00000E
___fldiv                      text4        001092
___fldiv@a                    cstackCOMRAM 000032
___fldiv@aexp                 cstackCOMRAM 000046
___fldiv@b                    cstackCOMRAM 00002E
___fldiv@bexp                 cstackCOMRAM 000045
___fldiv@grs                  cstackCOMRAM 000041
___fldiv@new_exp              cstackCOMRAM 00003F
___fldiv@rem                  cstackCOMRAM 00003A
___fldiv@sign                 cstackCOMRAM 00003E
___flmul                      text3        00087E
___flmul@a                    cstackCOMRAM 000019
___flmul@aexp                 cstackCOMRAM 000026
___flmul@b                    cstackCOMRAM 000015
___flmul@bexp                 cstackCOMRAM 000027
___flmul@grs                  cstackCOMRAM 000022
___flmul@prod                 cstackCOMRAM 000028
___flmul@sign                 cstackCOMRAM 000021
___flmul@temp                 cstackCOMRAM 00002C
___fltol                      text2        0015E0
___fltol@exp1                 cstackCOMRAM 000050
___fltol@f1                   cstackCOMRAM 000047
___fltol@sign1                cstackCOMRAM 00004F
___inthi_sp                   stack        000000
___intlo_sp                   stack        000000
___param_bank                 (abs)        000000
___rparam_used                (abs)        000001
___sp                         stack        000000
___xxtofl                     text1        00142C
___xxtofl@arg                 cstackCOMRAM 000011
___xxtofl@exp                 cstackCOMRAM 000010
___xxtofl@sign                cstackCOMRAM 00000F
___xxtofl@val                 cstackCOMRAM 000007
__accesstop                   (abs)        000060
__activetblptr                (abs)        000002
__end_of_ComandoLCD           text15       0018EC
__end_of_DutyCycle_PWM        text16       001B5C
__end_of_EscreveLCD           text8        001A44
__end_of_IniciaLCD            text14       001A98
__end_of_Inicializa_ADC       text13       001BEA
__end_of_Inicializa_PWM       text12       001BD8
__end_of_Inicializa_Timer0    text11       001B20
__end_of_LerADC               text10       001BBE
__end_of_PosicionaLCD         text9        0019E6
__end_of_StringLCD            text7        001B92
__end_of___awdiv              text6        0017AA
__end_of___awmod              text5        00185A
__end_of___fldiv              text4        00142C
__end_of___flmul              text3        000CA8
__end_of___fltol              text2        0016E6
__end_of___xxtofl             text1        0015E0
__end_of__initialization      cinit        001AD6
__end_of_high_isr             intcode_body 001974
__end_of_main                 text0        001092
__initialization              cinit        001A98
__mediumconst                 mediumconst  000000
__pbssBANK0                   bssBANK0     000060
__pcinit                      cinit        001A98
__pcstackCOMRAM               cstackCOMRAM 000001
__pdataBANK0                  dataBANK0    000068
__pdataCOMRAM                 dataCOMRAM   00005E
__pidataBANK0                 idataBANK0   001BEA
__pidataCOMRAM                idataCOMRAM  001BF2
__pintcode                    intcode      000008
__pintcode_body               intcode_body 0018EC
__psmallconst                 smallconst   000800
__ptext0                      text0        000CA8
__ptext1                      text1        00142C
__ptext10                     text10       001B92
__ptext11                     text11       001AE4
__ptext12                     text12       001BBE
__ptext13                     text13       001BD8
__ptext14                     text14       001A44
__ptext15                     text15       00185A
__ptext16                     text16       001B20
__ptext2                      text2        0015E0
__ptext3                      text3        00087E
__ptext4                      text4        001092
__ptext5                      text5        0017AA
__ptext6                      text6        0016E6
__ptext7                      text7        001B5C
__ptext8                      text8        0019E6
__ptext9                      text9        001974
__ramtop                      ramtop       000800
__size_of_ComandoLCD          (abs)        000000
__size_of_DutyCycle_PWM       (abs)        000000
__size_of_EscreveLCD          (abs)        000000
__size_of_IniciaLCD           (abs)        000000
__size_of_Inicializa_ADC      (abs)        000000
__size_of_Inicializa_PWM      (abs)        000000
__size_of_Inicializa_Timer0   (abs)        000000
__size_of_LerADC              (abs)        000000
__size_of_PosicionaLCD        (abs)        000000
__size_of_StringLCD           (abs)        000000
__size_of___awdiv             (abs)        000000
__size_of___awmod             (abs)        000000
__size_of___fldiv             (abs)        000000
__size_of___flmul             (abs)        000000
__size_of___fltol             (abs)        000000
__size_of___xxtofl            (abs)        000000
__size_of_high_isr            (abs)        000000
__size_of_main                (abs)        000000
__smallconst                  smallconst   000800
_high_isr                     intcode      000008
_main                         text0        000CA8
_main$1441                    cstackCOMRAM 000054
btemp                         temp         00005F
end_of_initialization         cinit        001AD6
int$flags                     temp         00005F
int_func                      intcode_body 0018EC
intlevel0                     text         000000
intlevel1                     text         000000
intlevel2                     text         000000
intlevel3                     text         000000
main@Tempo                    cstackCOMRAM 000058
main@ValorTemp                cstackCOMRAM 00005A
main@i                        cstackCOMRAM 00005C
stackhi                       (abs)        0007FF
stacklo                       (abs)        000070
start                         init         00000E
start_initialization          cinit        001A98
ttemp5                        temp         000060
ttemp6                        temp         000063
ttemp7                        temp         000067
wtemp8                        temp         000060


FUNCTION INFORMATION:

 *************** function _main *****************
 Defined at:
		line 105 in file "main.c"
 Parameters:    Size  Location     Type
		None
 Auto vars:     Size  Location     Type
  i               2   91[COMRAM] int 
  ValorTemp       2   89[COMRAM] int 
  Tempo           2   87[COMRAM] int 
 Return value:  Size  Location     Type
                  1    wreg      void 
 Registers used:
		wreg, fsr1l, fsr1h, fsr2l, fsr2h, status,2, status,0, tblptrl, tblptrh, tblptru, prodl, prodh, cstack
 Tracked objects:
		On entry : 
		On exit  : 
		Unchanged: 
 Data sizes:     COMRAM   BANK0   BANK1   BANK2   BANK3   BANK4   BANK5   BANK6   BANK7
      Params:         0       0       0       0       0       0       0       0       0
      Locals:        10       0       0       0       0       0       0       0       0
      Temps:          3       0       0       0       0       0       0       0       0
      Totals:        13       0       0       0       0       0       0       0       0
Total ram usage:       13 bytes
 Hardware stack levels required when called:    3
 This function calls:
		_DutyCycle_PWM
		_EscreveLCD
		_IniciaLCD
		_Inicializa_ADC
		_Inicializa_PWM
		_Inicializa_Timer0
		_LerADC
		_PosicionaLCD
		_StringLCD
		___awdiv
		___awmod
		___fldiv
		___flmul
		___fltol
		___xxtofl
 This function is called by:
		Startup code after reset
 This function uses a non-reentrant model


 *************** function ___xxtofl *****************
 Defined at:
		line 10 in file "C:\Program Files (x86)\Microchip\xc8\v2.10\pic\sources\c99\common\xxtofl.c"
 Parameters:    Size  Location     Type
  sign            1    wreg     unsigned char 
  val             4    6[COMRAM] long 
 Auto vars:     Size  Location     Type
  sign            1   14[COMRAM] unsigned char 
  arg             4   16[COMRAM] unsigned long 
  exp             1   15[COMRAM] unsigned char 
 Return value:  Size  Location     Type
                  4    6[COMRAM] unsigned char 
 Registers used:
		wreg, status,2, status,0
 Tracked objects:
		On entry : 
		On exit  : 
		Unchanged: 
 Data sizes:     COMRAM   BANK0   BANK1   BANK2   BANK3   BANK4   BANK5   BANK6   BANK7
      Params:         4       0       0       0       0       0       0       0       0
      Locals:         6       0       0       0       0       0       0       0       0
      Temps:          4       0       0       0       0       0       0       0       0
      Totals:        14       0       0       0       0       0       0       0       0
Total ram usage:       14 bytes
 Hardware stack levels used:    1
 Hardware stack levels required when called:    1
 This function calls:
		Nothing
 This function is called by:
		_main
 This function uses a non-reentrant model


 *************** function ___fltol *****************
 Defined at:
		line 43 in file "C:\Program Files (x86)\Microchip\xc8\v2.10\pic\sources\c99\common\fltol.c"
 Parameters:    Size  Location     Type
  f1              4   70[COMRAM] unsigned char 
 Auto vars:     Size  Location     Type
  exp1            1   79[COMRAM] unsigned char 
  sign1           1   78[COMRAM] unsigned char 
 Return value:  Size  Location     Type
                  4   70[COMRAM] long 
 Registers used:
		wreg, status,2, status,0
 Tracked objects:
		On entry : 
		On exit  : 
		Unchanged: 
 Data sizes:     COMRAM   BANK0   BANK1   BANK2   BANK3   BANK4   BANK5   BANK6   BANK7
      Params:         4       0       0       0       0       0       0       0       0
      Locals:         2       0       0       0       0       0       0       0       0
      Temps:          4       0       0       0       0       0       0       0       0
      Totals:        10       0       0       0       0       0       0       0       0
Total ram usage:       10 bytes
 Hardware stack levels used:    1
 Hardware stack levels required when called:    1
 This function calls:
		Nothing
 This function is called by:
		_main
 This function uses a non-reentrant model


 *************** function ___flmul *****************
 Defined at:
		line 8 in file "C:\Program Files (x86)\Microchip\xc8\v2.10\pic\sources\c99\common\sprcmul.c"
 Parameters:    Size  Location     Type
  b               4   20[COMRAM] long 
  a               4   24[COMRAM] long 
 Auto vars:     Size  Location     Type
  prod            4   39[COMRAM] struct .
  grs             4   33[COMRAM] unsigned long 
  temp            2   43[COMRAM] struct .
  bexp            1   38[COMRAM] unsigned char 
  aexp            1   37[COMRAM] unsigned char 
  sign            1   32[COMRAM] unsigned char 
 Return value:  Size  Location     Type
                  4   20[COMRAM] unsigned char 
 Registers used:
		wreg, status,2, status,0, prodl, prodh
 Tracked objects:
		On entry : 
		On exit  : 
		Unchanged: 
 Data sizes:     COMRAM   BANK0   BANK1   BANK2   BANK3   BANK4   BANK5   BANK6   BANK7
      Params:         8       0       0       0       0       0       0       0       0
      Locals:        13       0       0       0       0       0       0       0       0
      Temps:          4       0       0       0       0       0       0       0       0
      Totals:        25       0       0       0       0       0       0       0       0
Total ram usage:       25 bytes
 Hardware stack levels used:    1
 Hardware stack levels required when called:    1
 This function calls:
		Nothing
 This function is called by:
		_main
 This function uses a non-reentrant model


 *************** function ___fldiv *****************
 Defined at:
		line 11 in file "C:\Program Files (x86)\Microchip\xc8\v2.10\pic\sources\c99\common\sprcdiv.c"
 Parameters:    Size  Location     Type
  b               4   45[COMRAM] unsigned char 
  a               4   49[COMRAM] unsigned char 
 Auto vars:     Size  Location     Type
  grs             4   64[COMRAM] unsigned long 
  rem             4   57[COMRAM] unsigned long 
  new_exp         2   62[COMRAM] short 
  aexp            1   69[COMRAM] unsigned char 
  bexp            1   68[COMRAM] unsigned char 
  sign            1   61[COMRAM] unsigned char 
 Return value:  Size  Location     Type
                  4   45[COMRAM] unsigned char 
 Registers used:
		wreg, status,2, status,0
 Tracked objects:
		On entry : 
		On exit  : 
		Unchanged: 
 Data sizes:     COMRAM   BANK0   BANK1   BANK2   BANK3   BANK4   BANK5   BANK6   BANK7
      Params:         8       0       0       0       0       0       0       0       0
      Locals:        13       0       0       0       0       0       0       0       0
      Temps:          4       0       0       0       0       0       0       0       0
      Totals:        25       0       0       0       0       0       0       0       0
Total ram usage:       25 bytes
 Hardware stack levels used:    1
 Hardware stack levels required when called:    1
 This function calls:
		Nothing
 This function is called by:
		_main
 This function uses a non-reentrant model


 *************** function ___awmod *****************
 Defined at:
		line 7 in file "C:\Program Files (x86)\Microchip\xc8\v2.10\pic\sources\c99\common\awmod.c"
 Parameters:    Size  Location     Type
  dividend        2    8[COMRAM] int 
  divisor         2   10[COMRAM] int 
 Auto vars:     Size  Location     Type
  sign            1   13[COMRAM] unsigned char 
  counter         1   12[COMRAM] unsigned char 
 Return value:  Size  Location     Type
                  2    8[COMRAM] int 
 Registers used:
		wreg, status,2, status,0
 Tracked objects:
		On entry : 
		On exit  : 
		Unchanged: 
 Data sizes:     COMRAM   BANK0   BANK1   BANK2   BANK3   BANK4   BANK5   BANK6   BANK7
      Params:         4       0       0       0       0       0       0       0       0
      Locals:         2       0       0       0       0       0       0       0       0
      Temps:          0       0       0       0       0       0       0       0       0
      Totals:         6       0       0       0       0       0       0       0       0
Total ram usage:        6 bytes
 Hardware stack levels used:    1
 Hardware stack levels required when called:    1
 This function calls:
		Nothing
 This function is called by:
		_main
 This function uses a non-reentrant model


 *************** function ___awdiv *****************
 Defined at:
		line 7 in file "C:\Program Files (x86)\Microchip\xc8\v2.10\pic\sources\c99\common\awdiv.c"
 Parameters:    Size  Location     Type
  dividend        2    0[COMRAM] int 
  divisor         2    2[COMRAM] int 
 Auto vars:     Size  Location     Type
  quotient        2    6[COMRAM] int 
  sign            1    5[COMRAM] unsigned char 
  counter         1    4[COMRAM] unsigned char 
 Return value:  Size  Location     Type
                  2    0[COMRAM] int 
 Registers used:
		wreg, status,2, status,0
 Tracked objects:
		On entry : 
		On exit  : 
		Unchanged: 
 Data sizes:     COMRAM   BANK0   BANK1   BANK2   BANK3   BANK4   BANK5   BANK6   BANK7
      Params:         4       0       0       0       0       0       0       0       0
      Locals:         4       0       0       0       0       0       0       0       0
      Temps:          0       0       0       0       0       0       0       0       0
      Totals:         8       0       0       0       0       0       0       0       0
Total ram usage:        8 bytes
 Hardware stack levels used:    1
 Hardware stack levels required when called:    1
 This function calls:
		Nothing
 This function is called by:
		_main
 This function uses a non-reentrant model


 *************** function _StringLCD *****************
 Defined at:
		line 104 in file "./lcd_4vias.h"
 Parameters:    Size  Location     Type
  string          2    3[COMRAM] PTR const unsigned char 
		 -> STR_8(15), STR_7(17), STR_6(17), STR_5(7), 
		 -> STR_4(17), STR_3(17), STR_2(17), STR_1(17), 
 Auto vars:     Size  Location     Type
		None
 Return value:  Size  Location     Type
                  1    wreg      void 
 Registers used:
		wreg, status,2, status,0, tblptrl, tblptrh, tblptru, cstack
 Tracked objects:
		On entry : 
		On exit  : 
		Unchanged: 
 Data sizes:     COMRAM   BANK0   BANK1   BANK2   BANK3   BANK4   BANK5   BANK6   BANK7
      Params:         2       0       0       0       0       0       0       0       0
      Locals:         0       0       0       0       0       0       0       0       0
      Temps:          0       0       0       0       0       0       0       0       0
      Totals:         2       0       0       0       0       0       0       0       0
Total ram usage:        2 bytes
 Hardware stack levels used:    1
 Hardware stack levels required when called:    2
 This function calls:
		_EscreveLCD
 This function is called by:
		_main
 This function uses a non-reentrant model


 *************** function _EscreveLCD *****************
 Defined at:
		line 80 in file "./lcd_4vias.h"
 Parameters:    Size  Location     Type
  dado            1    wreg     unsigned char 
 Auto vars:     Size  Location     Type
  dado            1    1[COMRAM] unsigned char 
  i               1    2[COMRAM] unsigned char 
 Return value:  Size  Location     Type
                  1    wreg      void 
 Registers used:
		wreg, status,2, status,0
 Tracked objects:
		On entry : 
		On exit  : 
		Unchanged: 
 Data sizes:     COMRAM   BANK0   BANK1   BANK2   BANK3   BANK4   BANK5   BANK6   BANK7
      Params:         0       0       0       0       0       0       0       0       0
      Locals:         2       0       0       0       0       0       0       0       0
      Temps:          1       0       0       0       0       0       0       0       0
      Totals:         3       0       0       0       0       0       0       0       0
Total ram usage:        3 bytes
 Hardware stack levels used:    1
 Hardware stack levels required when called:    1
 This function calls:
		Nothing
 This function is called by:
		_StringLCD
		_main
		_NumeroLCD
 This function uses a non-reentrant model


 *************** function _PosicionaLCD *****************
 Defined at:
		line 153 in file "./lcd_4vias.h"
 Parameters:    Size  Location     Type
  linha           1    wreg     unsigned char 
  coluna          1    3[COMRAM] unsigned char 
 Auto vars:     Size  Location     Type
  linha           1    6[COMRAM] unsigned char 
  posicao         1    7[COMRAM] unsigned char 
 Return value:  Size  Location     Type
                  1    wreg      void 
 Registers used:
		wreg, status,2, status,0, cstack
 Tracked objects:
		On entry : 
		On exit  : 
		Unchanged: 
 Data sizes:     COMRAM   BANK0   BANK1   BANK2   BANK3   BANK4   BANK5   BANK6   BANK7
      Params:         1       0       0       0       0       0       0       0       0
      Locals:         2       0       0       0       0       0       0       0       0
      Temps:          2       0       0       0       0       0       0       0       0
      Totals:         5       0       0       0       0       0       0       0       0
Total ram usage:        5 bytes
 Hardware stack levels used:    1
 Hardware stack levels required when called:    2
 This function calls:
		_ComandoLCD
 This function is called by:
		_main
 This function uses a non-reentrant model


 *************** function _LerADC *****************
 Defined at:
		line 30 in file "./adc.h"
 Parameters:    Size  Location     Type
		None
 Auto vars:     Size  Location     Type
  temp            2    4[COMRAM] unsigned int 
 Return value:  Size  Location     Type
                  2    0[COMRAM] unsigned int 
 Registers used:
		wreg, status,2
 Tracked objects:
		On entry : 
		On exit  : 
		Unchanged: 
 Data sizes:     COMRAM   BANK0   BANK1   BANK2   BANK3   BANK4   BANK5   BANK6   BANK7
      Params:         2       0       0       0       0       0       0       0       0
      Locals:         2       0       0       0       0       0       0       0       0
      Temps:          2       0       0       0       0       0       0       0       0
      Totals:         6       0       0       0       0       0       0       0       0
Total ram usage:        6 bytes
 Hardware stack levels used:    1
 Hardware stack levels required when called:    1
 This function calls:
		Nothing
 This function is called by:
		_main
 This function uses a non-reentrant model


 *************** function _Inicializa_Timer0 *****************
 Defined at:
		line 25 in file "./timer0.h"
 Parameters:    Size  Location     Type
  Interrupcao     2    0[COMRAM] int 
  Preset_t0       2    2[COMRAM] unsigned int 
 Auto vars:     Size  Location     Type
		None
 Return value:  Size  Location     Type
                  1    wreg      void 
 Registers used:
		wreg, status,2, status,0
 Tracked objects:
		On entry : 
		On exit  : 
		Unchanged: 
 Data sizes:     COMRAM   BANK0   BANK1   BANK2   BANK3   BANK4   BANK5   BANK6   BANK7
      Params:         4       0       0       0       0       0       0       0       0
      Locals:         0       0       0       0       0       0       0       0       0
      Temps:          0       0       0       0       0       0       0       0       0
      Totals:         4       0       0       0       0       0       0       0       0
Total ram usage:        4 bytes
 Hardware stack levels used:    1
 Hardware stack levels required when called:    1
 This function calls:
		Nothing
 This function is called by:
		_main
 This function uses a non-reentrant model


 *************** function _Inicializa_PWM *****************
 Defined at:
		line 31 in file "./pwm.h"
 Parameters:    Size  Location     Type
  Valor           1    wreg     unsigned char 
 Auto vars:     Size  Location     Type
  Valor           1    0[COMRAM] unsigned char 
 Return value:  Size  Location     Type
                  1    wreg      void 
 Registers used:
		wreg, status,2
 Tracked objects:
		On entry : 
		On exit  : 
		Unchanged: 
 Data sizes:     COMRAM   BANK0   BANK1   BANK2   BANK3   BANK4   BANK5   BANK6   BANK7
      Params:         0       0       0       0       0       0       0       0       0
      Locals:         1       0       0       0       0       0       0       0       0
      Temps:          0       0       0       0       0       0       0       0       0
      Totals:         1       0       0       0       0       0       0       0       0
Total ram usage:        1 bytes
 Hardware stack levels used:    1
 Hardware stack levels required when called:    1
 This function calls:
		Nothing
 This function is called by:
		_main
 This function uses a non-reentrant model


 *************** function _Inicializa_ADC *****************
 Defined at:
		line 17 in file "./adc.h"
 Parameters:    Size  Location     Type
		None
 Auto vars:     Size  Location     Type
		None
 Return value:  Size  Location     Type
                  1    wreg      void 
 Registers used:
		wreg, status,2
 Tracked objects:
		On entry : 
		On exit  : 
		Unchanged: 
 Data sizes:     COMRAM   BANK0   BANK1   BANK2   BANK3   BANK4   BANK5   BANK6   BANK7
      Params:         0       0       0       0       0       0       0       0       0
      Locals:         0       0       0       0       0       0       0       0       0
      Temps:          0       0       0       0       0       0       0       0       0
      Totals:         0       0       0       0       0       0       0       0       0
Total ram usage:        0 bytes
 Hardware stack levels used:    1
 Hardware stack levels required when called:    1
 This function calls:
		Nothing
 This function is called by:
		_main
 This function uses a non-reentrant model


 *************** function _IniciaLCD *****************
 Defined at:
		line 38 in file "./lcd_4vias.h"
 Parameters:    Size  Location     Type
		None
 Auto vars:     Size  Location     Type
  inicio          6    4[COMRAM] unsigned char [6]
  i               1   10[COMRAM] unsigned char 
 Return value:  Size  Location     Type
                  1    wreg      void 
 Registers used:
		wreg, fsr1l, fsr1h, fsr2l, fsr2h, status,2, status,0, cstack
 Tracked objects:
		On entry : 
		On exit  : 
		Unchanged: 
 Data sizes:     COMRAM   BANK0   BANK1   BANK2   BANK3   BANK4   BANK5   BANK6   BANK7
      Params:         0       0       0       0       0       0       0       0       0
      Locals:         7       0       0       0       0       0       0       0       0
      Temps:          1       0       0       0       0       0       0       0       0
      Totals:         8       0       0       0       0       0       0       0       0
Total ram usage:        8 bytes
 Hardware stack levels used:    1
 Hardware stack levels required when called:    2
 This function calls:
		_ComandoLCD
 This function is called by:
		_main
 This function uses a non-reentrant model


 *************** function _ComandoLCD *****************
 Defined at:
		line 56 in file "./lcd_4vias.h"
 Parameters:    Size  Location     Type
  dado            1    wreg     unsigned char 
 Auto vars:     Size  Location     Type
  dado            1    2[COMRAM] unsigned char 
  i               1    1[COMRAM] unsigned char 
 Return value:  Size  Location     Type
                  1    wreg      void 
 Registers used:
		wreg, status,2, status,0
 Tracked objects:
		On entry : 
		On exit  : 
		Unchanged: 
 Data sizes:     COMRAM   BANK0   BANK1   BANK2   BANK3   BANK4   BANK5   BANK6   BANK7
      Params:         0       0       0       0       0       0       0       0       0
      Locals:         2       0       0       0       0       0       0       0       0
      Temps:          1       0       0       0       0       0       0       0       0
      Totals:         3       0       0       0       0       0       0       0       0
Total ram usage:        3 bytes
 Hardware stack levels used:    1
 Hardware stack levels required when called:    1
 This function calls:
		Nothing
 This function is called by:
		_IniciaLCD
		_PosicionaLCD
		_LimpaLCD
 This function uses a non-reentrant model


 *************** function _DutyCycle_PWM *****************
 Defined at:
		line 50 in file "./pwm.h"
 Parameters:    Size  Location     Type
  Valor           2    0[COMRAM] unsigned int 
 Auto vars:     Size  Location     Type
		None
 Return value:  Size  Location     Type
                  1    wreg      void 
 Registers used:
		wreg, status,2, status,0
 Tracked objects:
		On entry : 
		On exit  : 
		Unchanged: 
 Data sizes:     COMRAM   BANK0   BANK1   BANK2   BANK3   BANK4   BANK5   BANK6   BANK7
      Params:         2       0       0       0       0       0       0       0       0
      Locals:         0       0       0       0       0       0       0       0       0
      Temps:          2       0       0       0       0       0       0       0       0
      Totals:         4       0       0       0       0       0       0       0       0
Total ram usage:        4 bytes
 Hardware stack levels used:    1
 Hardware stack levels required when called:    1
 This function calls:
		Nothing
 This function is called by:
		_main
 This function uses a non-reentrant model


 *************** function _high_isr *****************
 Defined at:
		line 78 in file "main.c"
 Parameters:    Size  Location     Type
		None
 Auto vars:     Size  Location     Type
		None
 Return value:  Size  Location     Type
                  1    wreg      void 
 Registers used:
		wreg, status,2, status,0
 Tracked objects:
		On entry : 
		On exit  : 
		Unchanged: 
 Data sizes:     COMRAM   BANK0   BANK1   BANK2   BANK3   BANK4   BANK5   BANK6   BANK7
      Params:         0       0       0       0       0       0       0       0       0
      Locals:         0       0       0       0       0       0       0       0       0
      Temps:          0       0       0       0       0       0       0       0       0
      Totals:         0       0       0       0       0       0       0       0       0
Total ram usage:        0 bytes
 Hardware stack levels used:    1
 This function calls:
		Nothing
 This function is called by:
		Interrupt level 2
 This function uses a non-reentrant model



MODULE INFORMATION

Module		Function		Class		Link	Load	Size
./lcd_4vias.h
		_StringLCD     		CODE           	1B5C	0000	55
		_EscreveLCD    		CODE           	19E6	0000	95
		_PosicionaLCD  		CODE           	1974	0000	115
		_ComandoLCD    		CODE           	185A	0000	147
		_IniciaLCD     		CODE           	1A44	0000	85

./lcd_4vias.h estimated size: 497

C:\Program Files (x86)\Microchip\xc8\v2.10\pic\sources\c99\common\xxtofl.c
		___xxtofl      		CODE           	142C	0000	437

C:\Program Files (x86)\Microchip\xc8\v2.10\pic\sources\c99\common\xxtofl.c estimated size: 437

C:\Program Files (x86)\Microchip\xc8\v2.10\pic\sources\c99\common\awdiv.c
		___awdiv       		CODE           	16E6	0000	197

C:\Program Files (x86)\Microchip\xc8\v2.10\pic\sources\c99\common\awdiv.c estimated size: 197

C:\Program Files (x86)\Microchip\xc8\v2.10\pic\sources\c99\common\fltol.c
		___fltol       		CODE           	15E0	0000	263

C:\Program Files (x86)\Microchip\xc8\v2.10\pic\sources\c99\common\fltol.c estimated size: 263

C:\Program Files (x86)\Microchip\xc8\v2.10\pic\sources\c99\common\sprcmul.c
		___flmul       		CODE           	087E	0000	1067

C:\Program Files (x86)\Microchip\xc8\v2.10\pic\sources\c99\common\sprcmul.c estimated size: 1067

./timer0.h
		_Inicializa_Timer0		CODE           	1AE4	0000	61

./timer0.h estimated size: 61

C:\Program Files (x86)\Microchip\xc8\v2.10\pic\sources\c99\common\sprcdiv.c
		___fldiv       		CODE           	1092	0000	923

C:\Program Files (x86)\Microchip\xc8\v2.10\pic\sources\c99\common\sprcdiv.c estimated size: 923

shared
		__initialization		CODE           	1A98	0000	63

shared estimated size: 63

C:\Program Files (x86)\Microchip\xc8\v2.10\pic\sources\c99\common\awmod.c
		___awmod       		CODE           	17AA	0000	177

C:\Program Files (x86)\Microchip\xc8\v2.10\pic\sources\c99\common\awmod.c estimated size: 177

main.c
		_main          		CODE           	0CA8	0000	1003
		_high_isr      		CODE           	0008	0000	143

main.c estimated size: 1146

./pwm.h
		_DutyCycle_PWM 		CODE           	1B20	0000	61
		_Inicializa_PWM		CODE           	1BBE	0000	27

./pwm.h estimated size: 88

./adc.h
		_Inicializa_ADC		CODE           	1BD8	0000	19
		_LerADC        		CODE           	1B92	0000	45

./adc.h estimated size: 64

